[ten11kh.com/index.html]
[backblue.gif]
[fade.gif]
[index.html]
[zandokh.com/image/catalog/logo/splash-logo.png]
[zandokh.com/image/catalog/logo/ten11icon.jpg]
[cdnjs.cloudflare.com/ajax/libs/nprogress/0.2.0/nprogress.min.css]
[ten11kh.com/_next/static/css/c644599e19d4e68fcea6.css]
[ten11kh.com/_next/static/chunks/polyfills-b69b38e0e606287ba003.js]
[ten11kh.com/_next/static/css/01e2f399d3feafc051cd.css]
[ten11kh.com/_next/static/chunks/webpack-63ee3e6d7b6269919178.js]
[ten11kh.com/_next/static/chunks/framework-100645b337991cf0b767.js]
[ten11kh.com/_next/static/chunks/main-4f5a6b24ff6c42366de9.js]
[ten11kh.com/_next/static/chunks/pages/_app-0e32dc8312ffbd8bffbd.js]
[ten11kh.com/_next/static/chunks/545f34e4-da6225f077821f8b3a8e.js]
[ten11kh.com/_next/static/chunks/d0447323-34c18bf463236313c8de.js]
[ten11kh.com/_next/static/chunks/1bfc9850-cfd89e06bc519df0e71a.js]
[ten11kh.com/_next/static/chunks/78e521c3-7f9ce3a42d3debd685af.js]
[ten11kh.com/_next/static/chunks/0c428ae2-ce5be936d179e0a14f73.js]
[ten11kh.com/_next/static/chunks/d7eeaac4-1008244945e53d0e3496.js]
[ten11kh.com/_next/static/chunks/75fc9c18-2a20c2e7f10e4bdea475.js]
[ten11kh.com/_next/static/chunks/4019-d5fb91a620c751271c43.js]
[ten11kh.com/_next/static/chunks/252f366e-2a0ee14964371550f74a.js]
[ten11kh.com/_next/static/chunks/7795-1be0b676369f758ee763.js]
[ten11kh.com/_next/static/chunks/pages/index-2e3e6eed7226d4252a15.js]
[ten11kh.com/_next/static/TGugdDAOWFb0jWTFKG0Bw/_buildManifest.js]
[ten11kh.com/_next/static/TGugdDAOWFb0jWTFKG0Bw/_ssgManifest.js]
[ten11kh.com/_next/static/chunks/8608-f85c4bd8f0ae0fa9735f.js]
[zandokh.com/image/catalog/logo/TEN11.png]
[zandokh.com/image/catalog/banner/2022/ten11/grand-sale-banner/new-arrival-web-banner.png]
[zandokh.com/image/catalog/banner/2022/ten11/grand-sale-banner/hot-sale-web-banner.png]
[zandokh.com/image/catalog/banner/2022/ten11/grand-sale-banner/sold-out-items-back-to-stock-we.png]
[ten11kh.com/women29d3.html]
[zandokh.com/image/catalog/banner/2022/ten11/pchum-ben/category-collection/banner/women.jpg]
[ten11kh.com/men29d3.html]
[zandokh.com/image/catalog/banner/2022/ten11/pchum-ben/category-collection/banner/men.jpg]
[ten11kh.com/women/crop-t-shirt-2222302042.html]
[zandokh.com/image/cache/catalog/products/2023-02/2222302042/Crop-T-shirt (11)-cr-450x672.jpg]
[ten11kh.com/women/knitted-tank-top-2222302009.html]
[zandokh.com/image/cache/catalog/products/2023-02/2222302009/KNIT-TANK-TOP (15)-cr-450x672.jpg]
[ten11kh.com/women/embroidery-sweatshorts--2222302016.html]
[zandokh.com/image/cache/catalog/products/2023-02/2222302016/Embroidery-Sweatshorts (2)-cr-450x672.jpg]
[ten11kh.com/women/embroidery-sweatshirts-2222302017.html]
[zandokh.com/image/cache/catalog/products/2023-02/2222302017/Embroidery-Sweatshirt (4)-cr-450x672.jpg]
[ten11kh.com/men/straight-fit-sweatpants-2122302005.html]
[zandokh.com/image/cache/catalog/products/2023-02/2122302005/Straight-Fit-Sweatpants (16)-cr-450x672.jpg]
[ten11kh.com/men/oversized-hoodie-with-print-2122302006.html]
[zandokh.com/image/cache/catalog/products/2023-02/2122302006/Oversized-Hoodie-With-Print (3)-cr-450x672.jpg]
[ten11kh.com/women/leather-backpack-2522301005.html]
[zandokh.com/image/cache/catalog/products/2023-02/2522301005/Leather-Backpack (4)-cr-450x672.jpg]
[ten11kh.com/men/trashed-denim-short-2122302001.html]
[zandokh.com/image/cache/catalog/products/2023-02/2122302001/Trashed-Denim-Shorts (1)-cr-450x672.jpg]
[ten11kh.com/itms-apps_/itunes.apple.com/us/app/id1546049809a946.html]
[zandokh.com/image/catalog/logo/aba-payway/V2/We-accept-payments.png]
[ten11kh.com/index.html]
[ten11kh.com/index-2.html]
[cdnjs.cloudflare.com/ajax/libs/nprogress/0.2.0/nprogress.min.css]
[checkout.payway.com.kh/plugins/checkout2-0.js]
[ten11kh.com/_next/static/media/revicons.e8746a624ed098489406e6113d185258.woff]
[ten11kh.com/_next/static/media/revicons.57fd05d4ae650374c8deeff7c4aae380.ttf]
[ten11kh.com/_next/static/css/01e2f399d3feafc051cd.css]
[ten11kh.com/_next/static/css/c644599e19d4e68fcea6.css]
[ten11kh.com/_next/static/media/revicons.a77de540a38981833f9e31bd4c365cc6.eot]
[ten11kh.com/women29d3.html]
[ten11kh.com/men29d3.html]
[ten11kh.com/_next/static/chunks/pages/[ProductList]-79808ec8cea506c138c1.js]
[ten11kh.com/_next/static/css/f1a940ba8c0782f98959.css]
[ten11kh.com/_next/static/chunks/6820-b407b2a652cef286bb91.js]
[ten11kh.com/women/crop-t-shirt-2222302042.html]
[ten11kh.com/women/knitted-tank-top-2222302009.html]
[ten11kh.com/women/embroidery-sweatshorts--2222302016.html]
[ten11kh.com/women/embroidery-sweatshirts-2222302017.html]
[ten11kh.com/men/straight-fit-sweatpants-2122302005.html]
[ten11kh.com/men/oversized-hoodie-with-print-2122302006.html]
[ten11kh.com/women/leather-backpack-2522301005.html]
[ten11kh.com/men/trashed-denim-short-2122302001.html]
[ten11kh.com/itms-apps_/itunes.apple.com/us/app/id1546049809a946.html]
[ten11kh.com/_next/static/css/f1a940ba8c0782f98959.css]
[ten11kh.com/_next/static/chunks/pages/[...ProductDetails]-beee0af6bde401a6afb2.js]
